2025-11-20 18:03:16,619 - gateway.main - INFO [main.py:426] - Запуск Gateway приложения
2025-11-20 18:03:16,653 - data_service.repository.city_repository - DEBUG [city_repository.py:20] - Инициализация CityRepository
2025-11-20 18:03:16,653 - data_service.repository.directory_route_repository - DEBUG [directory_route_repository.py:22] - Инициализация DirectoryRouteRepository
2025-11-20 18:03:16,654 - data_service.repository.accommodation_repository - DEBUG [accommodation_repository.py:22] - Инициализация AccommodationRepository
2025-11-20 18:03:16,654 - data_service.repository.entertainment_repository - DEBUG [entertainment_repository.py:22] - Инициализация EntertainmentRepository
2025-11-20 18:03:16,654 - data_service.repository.user_repository - DEBUG [user_repository.py:20] - Инициализация UserRepository
2025-11-20 18:03:16,654 - data_service.repository.travel_repository - DEBUG [travel_repository.py:32] - Инициализация TravelRepository
2025-11-20 18:03:16,654 - data_service.repository.route_repository - DEBUG [route_repository.py:28] - Инициализация RouteRepository
2025-11-20 18:03:16,654 - core_service.services.accommodation_service - DEBUG [accommodation_service.py:16] - AccommodationService инициализирован
2025-11-20 18:03:16,654 - core_service.services.city_service - DEBUG [city_service.py:16] - CityService инициализирован
2025-11-20 18:03:16,654 - core_service.services.directory_route_service - DEBUG [directory_route_service.py:16] - DirectoryRouteService инициализирован
2025-11-20 18:03:16,654 - core_service.services.entertainment_service - DEBUG [entertainment_service.py:16] - EntertainmentService инициализирован
2025-11-20 18:03:16,654 - core_service.services.route_service - DEBUG [route_service.py:20] - RouteService инициализирован
2025-11-20 18:03:16,654 - core_service.services.travel_service - DEBUG [travel_service.py:21] - TravelService инициализирован
2025-11-20 18:03:16,654 - core_service.services.user_service - DEBUG [user_service.py:31] - UserService инициализирован
2025-11-20 18:03:16,654 - core_service.services.user_service - DEBUG [user_service.py:71] - AuthService инициализирован
2025-11-20 18:03:48,403 - gateway.main - INFO [main.py:426] - Запуск Gateway приложения
2025-11-20 18:03:48,435 - data_service.repository.city_repository - DEBUG [city_repository.py:20] - Инициализация CityRepository
2025-11-20 18:03:48,435 - data_service.repository.directory_route_repository - DEBUG [directory_route_repository.py:22] - Инициализация DirectoryRouteRepository
2025-11-20 18:03:48,435 - data_service.repository.accommodation_repository - DEBUG [accommodation_repository.py:22] - Инициализация AccommodationRepository
2025-11-20 18:03:48,435 - data_service.repository.entertainment_repository - DEBUG [entertainment_repository.py:22] - Инициализация EntertainmentRepository
2025-11-20 18:03:48,435 - data_service.repository.user_repository - DEBUG [user_repository.py:20] - Инициализация UserRepository
2025-11-20 18:03:48,435 - data_service.repository.travel_repository - DEBUG [travel_repository.py:32] - Инициализация TravelRepository
2025-11-20 18:03:48,435 - data_service.repository.route_repository - DEBUG [route_repository.py:28] - Инициализация RouteRepository
2025-11-20 18:03:48,436 - core_service.services.accommodation_service - DEBUG [accommodation_service.py:16] - AccommodationService инициализирован
2025-11-20 18:03:48,436 - core_service.services.city_service - DEBUG [city_service.py:16] - CityService инициализирован
2025-11-20 18:03:48,436 - core_service.services.directory_route_service - DEBUG [directory_route_service.py:16] - DirectoryRouteService инициализирован
2025-11-20 18:03:48,436 - core_service.services.entertainment_service - DEBUG [entertainment_service.py:16] - EntertainmentService инициализирован
2025-11-20 18:03:48,436 - core_service.services.route_service - DEBUG [route_service.py:20] - RouteService инициализирован
2025-11-20 18:03:48,436 - core_service.services.travel_service - DEBUG [travel_service.py:21] - TravelService инициализирован
2025-11-20 18:03:48,436 - core_service.services.user_service - DEBUG [user_service.py:31] - UserService инициализирован
2025-11-20 18:03:48,436 - core_service.services.user_service - DEBUG [user_service.py:71] - AuthService инициализирован
2025-11-20 18:03:50,953 - gateway.main - INFO [main.py:426] - Запуск Gateway приложения
2025-11-20 18:03:50,975 - data_service.repository.city_repository - DEBUG [city_repository.py:20] - Инициализация CityRepository
2025-11-20 18:03:50,975 - data_service.repository.directory_route_repository - DEBUG [directory_route_repository.py:22] - Инициализация DirectoryRouteRepository
2025-11-20 18:03:50,975 - data_service.repository.accommodation_repository - DEBUG [accommodation_repository.py:22] - Инициализация AccommodationRepository
2025-11-20 18:03:50,975 - data_service.repository.entertainment_repository - DEBUG [entertainment_repository.py:22] - Инициализация EntertainmentRepository
2025-11-20 18:03:50,975 - data_service.repository.user_repository - DEBUG [user_repository.py:20] - Инициализация UserRepository
2025-11-20 18:03:50,975 - data_service.repository.travel_repository - DEBUG [travel_repository.py:32] - Инициализация TravelRepository
2025-11-20 18:03:50,975 - data_service.repository.route_repository - DEBUG [route_repository.py:28] - Инициализация RouteRepository
2025-11-20 18:03:50,975 - core_service.services.accommodation_service - DEBUG [accommodation_service.py:16] - AccommodationService инициализирован
2025-11-20 18:03:50,975 - core_service.services.city_service - DEBUG [city_service.py:16] - CityService инициализирован
2025-11-20 18:03:50,975 - core_service.services.directory_route_service - DEBUG [directory_route_service.py:16] - DirectoryRouteService инициализирован
2025-11-20 18:03:50,975 - core_service.services.entertainment_service - DEBUG [entertainment_service.py:16] - EntertainmentService инициализирован
2025-11-20 18:03:50,975 - core_service.services.route_service - DEBUG [route_service.py:20] - RouteService инициализирован
2025-11-20 18:03:50,975 - core_service.services.travel_service - DEBUG [travel_service.py:21] - TravelService инициализирован
2025-11-20 18:03:50,976 - core_service.services.user_service - DEBUG [user_service.py:31] - UserService инициализирован
2025-11-20 18:03:50,976 - core_service.services.user_service - DEBUG [user_service.py:71] - AuthService инициализирован
2025-11-20 18:03:53,564 - gateway.main - INFO [main.py:426] - Запуск Gateway приложения
2025-11-20 18:03:53,586 - data_service.repository.city_repository - DEBUG [city_repository.py:20] - Инициализация CityRepository
2025-11-20 18:03:53,586 - data_service.repository.directory_route_repository - DEBUG [directory_route_repository.py:22] - Инициализация DirectoryRouteRepository
2025-11-20 18:03:53,586 - data_service.repository.accommodation_repository - DEBUG [accommodation_repository.py:22] - Инициализация AccommodationRepository
2025-11-20 18:03:53,586 - data_service.repository.entertainment_repository - DEBUG [entertainment_repository.py:22] - Инициализация EntertainmentRepository
2025-11-20 18:03:53,586 - data_service.repository.user_repository - DEBUG [user_repository.py:20] - Инициализация UserRepository
2025-11-20 18:03:53,586 - data_service.repository.travel_repository - DEBUG [travel_repository.py:32] - Инициализация TravelRepository
2025-11-20 18:03:53,586 - data_service.repository.route_repository - DEBUG [route_repository.py:28] - Инициализация RouteRepository
2025-11-20 18:03:53,586 - core_service.services.accommodation_service - DEBUG [accommodation_service.py:16] - AccommodationService инициализирован
2025-11-20 18:03:53,586 - core_service.services.city_service - DEBUG [city_service.py:16] - CityService инициализирован
2025-11-20 18:03:53,587 - core_service.services.directory_route_service - DEBUG [directory_route_service.py:16] - DirectoryRouteService инициализирован
2025-11-20 18:03:53,587 - core_service.services.entertainment_service - DEBUG [entertainment_service.py:16] - EntertainmentService инициализирован
2025-11-20 18:03:53,587 - core_service.services.route_service - DEBUG [route_service.py:20] - RouteService инициализирован
2025-11-20 18:03:53,587 - core_service.services.travel_service - DEBUG [travel_service.py:21] - TravelService инициализирован
2025-11-20 18:03:53,587 - core_service.services.user_service - DEBUG [user_service.py:31] - UserService инициализирован
2025-11-20 18:03:53,587 - core_service.services.user_service - DEBUG [user_service.py:71] - AuthService инициализирован
2025-11-20 18:03:55,158 - gateway.main - INFO [main.py:426] - Запуск Gateway приложения
2025-11-20 18:03:55,182 - data_service.repository.city_repository - DEBUG [city_repository.py:20] - Инициализация CityRepository
2025-11-20 18:03:55,182 - data_service.repository.directory_route_repository - DEBUG [directory_route_repository.py:22] - Инициализация DirectoryRouteRepository
2025-11-20 18:03:55,182 - data_service.repository.accommodation_repository - DEBUG [accommodation_repository.py:22] - Инициализация AccommodationRepository
2025-11-20 18:03:55,182 - data_service.repository.entertainment_repository - DEBUG [entertainment_repository.py:22] - Инициализация EntertainmentRepository
2025-11-20 18:03:55,182 - data_service.repository.user_repository - DEBUG [user_repository.py:20] - Инициализация UserRepository
2025-11-20 18:03:55,182 - data_service.repository.travel_repository - DEBUG [travel_repository.py:32] - Инициализация TravelRepository
2025-11-20 18:03:55,182 - data_service.repository.route_repository - DEBUG [route_repository.py:28] - Инициализация RouteRepository
2025-11-20 18:03:55,183 - core_service.services.accommodation_service - DEBUG [accommodation_service.py:16] - AccommodationService инициализирован
2025-11-20 18:03:55,183 - core_service.services.city_service - DEBUG [city_service.py:16] - CityService инициализирован
2025-11-20 18:03:55,183 - core_service.services.directory_route_service - DEBUG [directory_route_service.py:16] - DirectoryRouteService инициализирован
2025-11-20 18:03:55,183 - core_service.services.entertainment_service - DEBUG [entertainment_service.py:16] - EntertainmentService инициализирован
2025-11-20 18:03:55,183 - core_service.services.route_service - DEBUG [route_service.py:20] - RouteService инициализирован
2025-11-20 18:03:55,183 - core_service.services.travel_service - DEBUG [travel_service.py:21] - TravelService инициализирован
2025-11-20 18:03:55,183 - core_service.services.user_service - DEBUG [user_service.py:31] - UserService инициализирован
2025-11-20 18:03:55,183 - core_service.services.user_service - DEBUG [user_service.py:71] - AuthService инициализирован
2025-11-20 18:03:56,852 - gateway.main - INFO [main.py:426] - Запуск Gateway приложения
2025-11-20 18:03:56,874 - data_service.repository.city_repository - DEBUG [city_repository.py:20] - Инициализация CityRepository
2025-11-20 18:03:56,874 - data_service.repository.directory_route_repository - DEBUG [directory_route_repository.py:22] - Инициализация DirectoryRouteRepository
2025-11-20 18:03:56,874 - data_service.repository.accommodation_repository - DEBUG [accommodation_repository.py:22] - Инициализация AccommodationRepository
2025-11-20 18:03:56,874 - data_service.repository.entertainment_repository - DEBUG [entertainment_repository.py:22] - Инициализация EntertainmentRepository
2025-11-20 18:03:56,874 - data_service.repository.user_repository - DEBUG [user_repository.py:20] - Инициализация UserRepository
2025-11-20 18:03:56,874 - data_service.repository.travel_repository - DEBUG [travel_repository.py:32] - Инициализация TravelRepository
2025-11-20 18:03:56,874 - data_service.repository.route_repository - DEBUG [route_repository.py:28] - Инициализация RouteRepository
2025-11-20 18:03:56,874 - core_service.services.accommodation_service - DEBUG [accommodation_service.py:16] - AccommodationService инициализирован
2025-11-20 18:03:56,874 - core_service.services.city_service - DEBUG [city_service.py:16] - CityService инициализирован
2025-11-20 18:03:56,874 - core_service.services.directory_route_service - DEBUG [directory_route_service.py:16] - DirectoryRouteService инициализирован
2025-11-20 18:03:56,874 - core_service.services.entertainment_service - DEBUG [entertainment_service.py:16] - EntertainmentService инициализирован
2025-11-20 18:03:56,874 - core_service.services.route_service - DEBUG [route_service.py:20] - RouteService инициализирован
2025-11-20 18:03:56,874 - core_service.services.travel_service - DEBUG [travel_service.py:21] - TravelService инициализирован
2025-11-20 18:03:56,874 - core_service.services.user_service - DEBUG [user_service.py:31] - UserService инициализирован
2025-11-20 18:03:56,874 - core_service.services.user_service - DEBUG [user_service.py:71] - AuthService инициализирован
2025-11-20 18:03:58,316 - gateway.main - INFO [main.py:426] - Запуск Gateway приложения
2025-11-20 18:03:58,340 - data_service.repository.city_repository - DEBUG [city_repository.py:20] - Инициализация CityRepository
2025-11-20 18:03:58,341 - data_service.repository.directory_route_repository - DEBUG [directory_route_repository.py:22] - Инициализация DirectoryRouteRepository
2025-11-20 18:03:58,341 - data_service.repository.accommodation_repository - DEBUG [accommodation_repository.py:22] - Инициализация AccommodationRepository
2025-11-20 18:03:58,341 - data_service.repository.entertainment_repository - DEBUG [entertainment_repository.py:22] - Инициализация EntertainmentRepository
2025-11-20 18:03:58,341 - data_service.repository.user_repository - DEBUG [user_repository.py:20] - Инициализация UserRepository
2025-11-20 18:03:58,341 - data_service.repository.travel_repository - DEBUG [travel_repository.py:32] - Инициализация TravelRepository
2025-11-20 18:03:58,341 - data_service.repository.route_repository - DEBUG [route_repository.py:28] - Инициализация RouteRepository
2025-11-20 18:03:58,341 - core_service.services.accommodation_service - DEBUG [accommodation_service.py:16] - AccommodationService инициализирован
2025-11-20 18:03:58,341 - core_service.services.city_service - DEBUG [city_service.py:16] - CityService инициализирован
2025-11-20 18:03:58,341 - core_service.services.directory_route_service - DEBUG [directory_route_service.py:16] - DirectoryRouteService инициализирован
2025-11-20 18:03:58,341 - core_service.services.entertainment_service - DEBUG [entertainment_service.py:16] - EntertainmentService инициализирован
2025-11-20 18:03:58,341 - core_service.services.route_service - DEBUG [route_service.py:20] - RouteService инициализирован
2025-11-20 18:03:58,341 - core_service.services.travel_service - DEBUG [travel_service.py:21] - TravelService инициализирован
2025-11-20 18:03:58,341 - core_service.services.user_service - DEBUG [user_service.py:31] - UserService инициализирован
2025-11-20 18:03:58,341 - core_service.services.user_service - DEBUG [user_service.py:71] - AuthService инициализирован
2025-11-20 18:04:00,770 - gateway.main - INFO [main.py:426] - Запуск Gateway приложения
2025-11-20 18:04:00,794 - data_service.repository.city_repository - DEBUG [city_repository.py:20] - Инициализация CityRepository
2025-11-20 18:04:00,794 - data_service.repository.directory_route_repository - DEBUG [directory_route_repository.py:22] - Инициализация DirectoryRouteRepository
2025-11-20 18:04:00,794 - data_service.repository.accommodation_repository - DEBUG [accommodation_repository.py:22] - Инициализация AccommodationRepository
2025-11-20 18:04:00,794 - data_service.repository.entertainment_repository - DEBUG [entertainment_repository.py:22] - Инициализация EntertainmentRepository
2025-11-20 18:04:00,794 - data_service.repository.user_repository - DEBUG [user_repository.py:20] - Инициализация UserRepository
2025-11-20 18:04:00,794 - data_service.repository.travel_repository - DEBUG [travel_repository.py:32] - Инициализация TravelRepository
2025-11-20 18:04:00,794 - data_service.repository.route_repository - DEBUG [route_repository.py:28] - Инициализация RouteRepository
2025-11-20 18:04:00,794 - core_service.services.accommodation_service - DEBUG [accommodation_service.py:16] - AccommodationService инициализирован
2025-11-20 18:04:00,794 - core_service.services.city_service - DEBUG [city_service.py:16] - CityService инициализирован
2025-11-20 18:04:00,794 - core_service.services.directory_route_service - DEBUG [directory_route_service.py:16] - DirectoryRouteService инициализирован
2025-11-20 18:04:00,794 - core_service.services.entertainment_service - DEBUG [entertainment_service.py:16] - EntertainmentService инициализирован
2025-11-20 18:04:00,794 - core_service.services.route_service - DEBUG [route_service.py:20] - RouteService инициализирован
2025-11-20 18:04:00,794 - core_service.services.travel_service - DEBUG [travel_service.py:21] - TravelService инициализирован
2025-11-20 18:04:00,794 - core_service.services.user_service - DEBUG [user_service.py:31] - UserService инициализирован
2025-11-20 18:04:00,794 - core_service.services.user_service - DEBUG [user_service.py:71] - AuthService инициализирован
2025-11-20 18:04:00,794 - gateway.controllers.api_v1.city_controller - DEBUG [city_controller.py:19] - Инициализация CityController
2025-11-20 18:04:00,794 - gateway.controllers.api_v1.route_controller - DEBUG [route_controller.py:34] - Инициализация RouteController
2025-11-20 18:04:00,794 - gateway.controllers.api_v1.d_route_controller - DEBUG [d_route_controller.py:21] - Инициализация DirectoryRouteController
2025-11-20 18:04:00,794 - gateway.controllers.api_v1.accommodation_controller - DEBUG [accommodation_controller.py:23] - Инициализация AccommodationController
2025-11-20 18:04:00,794 - gateway.controllers.api_v1.entertainment_controller - DEBUG [entertainment_controller.py:24] - Инициализация EntertainmentController
2025-11-20 18:04:00,794 - gateway.controllers.api_v1.travel_controller - DEBUG [travel_controller.py:26] - Инициализация TravelController
2025-11-20 18:04:09,874 - gateway.main - INFO [main.py:426] - Запуск Gateway приложения
2025-11-20 18:04:09,941 - data_service.repository.city_repository - DEBUG [city_repository.py:20] - Инициализация CityRepository
2025-11-20 18:04:09,942 - data_service.repository.directory_route_repository - DEBUG [directory_route_repository.py:22] - Инициализация DirectoryRouteRepository
2025-11-20 18:04:09,942 - data_service.repository.accommodation_repository - DEBUG [accommodation_repository.py:22] - Инициализация AccommodationRepository
2025-11-20 18:04:09,942 - data_service.repository.entertainment_repository - DEBUG [entertainment_repository.py:22] - Инициализация EntertainmentRepository
2025-11-20 18:04:09,942 - data_service.repository.user_repository - DEBUG [user_repository.py:20] - Инициализация UserRepository
2025-11-20 18:04:09,942 - data_service.repository.travel_repository - DEBUG [travel_repository.py:32] - Инициализация TravelRepository
2025-11-20 18:04:09,942 - data_service.repository.route_repository - DEBUG [route_repository.py:28] - Инициализация RouteRepository
2025-11-20 18:04:09,945 - core_service.services.accommodation_service - DEBUG [accommodation_service.py:16] - AccommodationService инициализирован
2025-11-20 18:04:09,946 - core_service.services.city_service - DEBUG [city_service.py:16] - CityService инициализирован
2025-11-20 18:04:09,946 - core_service.services.directory_route_service - DEBUG [directory_route_service.py:16] - DirectoryRouteService инициализирован
2025-11-20 18:04:09,946 - core_service.services.entertainment_service - DEBUG [entertainment_service.py:16] - EntertainmentService инициализирован
2025-11-20 18:04:09,946 - core_service.services.route_service - DEBUG [route_service.py:20] - RouteService инициализирован
2025-11-20 18:04:09,946 - core_service.services.travel_service - DEBUG [travel_service.py:21] - TravelService инициализирован
2025-11-20 18:04:09,946 - core_service.services.user_service - DEBUG [user_service.py:31] - UserService инициализирован
2025-11-20 18:04:09,946 - core_service.services.user_service - DEBUG [user_service.py:71] - AuthService инициализирован
2025-11-20 18:04:09,946 - gateway.controllers.api_v1.city_controller - DEBUG [city_controller.py:19] - Инициализация CityController
2025-11-20 18:04:09,948 - gateway.controllers.api_v1.route_controller - DEBUG [route_controller.py:34] - Инициализация RouteController
2025-11-20 18:04:09,948 - gateway.controllers.api_v1.d_route_controller - DEBUG [d_route_controller.py:21] - Инициализация DirectoryRouteController
2025-11-20 18:04:09,948 - gateway.controllers.api_v1.accommodation_controller - DEBUG [accommodation_controller.py:23] - Инициализация AccommodationController
2025-11-20 18:04:09,948 - gateway.controllers.api_v1.entertainment_controller - DEBUG [entertainment_controller.py:24] - Инициализация EntertainmentController
2025-11-20 18:04:09,948 - gateway.controllers.api_v1.travel_controller - DEBUG [travel_controller.py:26] - Инициализация TravelController
2025-11-20 18:04:12,206 - gateway.main - INFO [main.py:426] - Запуск Gateway приложения
2025-11-20 18:04:12,227 - data_service.repository.city_repository - DEBUG [city_repository.py:20] - Инициализация CityRepository
2025-11-20 18:04:12,227 - data_service.repository.directory_route_repository - DEBUG [directory_route_repository.py:22] - Инициализация DirectoryRouteRepository
2025-11-20 18:04:12,227 - data_service.repository.accommodation_repository - DEBUG [accommodation_repository.py:22] - Инициализация AccommodationRepository
2025-11-20 18:04:12,227 - data_service.repository.entertainment_repository - DEBUG [entertainment_repository.py:22] - Инициализация EntertainmentRepository
2025-11-20 18:04:12,227 - data_service.repository.user_repository - DEBUG [user_repository.py:20] - Инициализация UserRepository
2025-11-20 18:04:12,227 - data_service.repository.travel_repository - DEBUG [travel_repository.py:32] - Инициализация TravelRepository
2025-11-20 18:04:12,227 - data_service.repository.route_repository - DEBUG [route_repository.py:28] - Инициализация RouteRepository
2025-11-20 18:04:12,228 - core_service.services.accommodation_service - DEBUG [accommodation_service.py:16] - AccommodationService инициализирован
2025-11-20 18:04:12,228 - core_service.services.city_service - DEBUG [city_service.py:16] - CityService инициализирован
2025-11-20 18:04:12,228 - core_service.services.directory_route_service - DEBUG [directory_route_service.py:16] - DirectoryRouteService инициализирован
2025-11-20 18:04:12,228 - core_service.services.entertainment_service - DEBUG [entertainment_service.py:16] - EntertainmentService инициализирован
2025-11-20 18:04:12,228 - core_service.services.route_service - DEBUG [route_service.py:20] - RouteService инициализирован
2025-11-20 18:04:12,228 - core_service.services.travel_service - DEBUG [travel_service.py:21] - TravelService инициализирован
2025-11-20 18:04:12,228 - core_service.services.user_service - DEBUG [user_service.py:31] - UserService инициализирован
2025-11-20 18:04:12,228 - core_service.services.user_service - DEBUG [user_service.py:71] - AuthService инициализирован
2025-11-20 18:04:12,228 - gateway.controllers.api_v1.city_controller - DEBUG [city_controller.py:19] - Инициализация CityController
2025-11-20 18:04:12,228 - gateway.controllers.api_v1.route_controller - DEBUG [route_controller.py:34] - Инициализация RouteController
2025-11-20 18:04:12,228 - gateway.controllers.api_v1.d_route_controller - DEBUG [d_route_controller.py:21] - Инициализация DirectoryRouteController
2025-11-20 18:04:12,228 - gateway.controllers.api_v1.accommodation_controller - DEBUG [accommodation_controller.py:23] - Инициализация AccommodationController
2025-11-20 18:04:12,228 - gateway.controllers.api_v1.entertainment_controller - DEBUG [entertainment_controller.py:24] - Инициализация EntertainmentController
2025-11-20 18:04:12,228 - gateway.controllers.api_v1.travel_controller - DEBUG [travel_controller.py:26] - Инициализация TravelController
2025-11-20 18:04:12,228 - gateway.controllers.api_v1.user_controller - DEBUG [user_controller.py:22] - Инициализация UserController
2025-11-20 18:04:14,623 - gateway.main - INFO [main.py:426] - Запуск Gateway приложения
2025-11-20 18:04:14,645 - data_service.repository.city_repository - DEBUG [city_repository.py:20] - Инициализация CityRepository
2025-11-20 18:04:14,645 - data_service.repository.directory_route_repository - DEBUG [directory_route_repository.py:22] - Инициализация DirectoryRouteRepository
2025-11-20 18:04:14,645 - data_service.repository.accommodation_repository - DEBUG [accommodation_repository.py:22] - Инициализация AccommodationRepository
2025-11-20 18:04:14,645 - data_service.repository.entertainment_repository - DEBUG [entertainment_repository.py:22] - Инициализация EntertainmentRepository
2025-11-20 18:04:14,645 - data_service.repository.user_repository - DEBUG [user_repository.py:20] - Инициализация UserRepository
2025-11-20 18:04:14,645 - data_service.repository.travel_repository - DEBUG [travel_repository.py:32] - Инициализация TravelRepository
2025-11-20 18:04:14,645 - data_service.repository.route_repository - DEBUG [route_repository.py:28] - Инициализация RouteRepository
2025-11-20 18:04:14,646 - core_service.services.accommodation_service - DEBUG [accommodation_service.py:16] - AccommodationService инициализирован
2025-11-20 18:04:14,646 - core_service.services.city_service - DEBUG [city_service.py:16] - CityService инициализирован
2025-11-20 18:04:14,646 - core_service.services.directory_route_service - DEBUG [directory_route_service.py:16] - DirectoryRouteService инициализирован
2025-11-20 18:04:14,646 - core_service.services.entertainment_service - DEBUG [entertainment_service.py:16] - EntertainmentService инициализирован
2025-11-20 18:04:14,646 - core_service.services.route_service - DEBUG [route_service.py:20] - RouteService инициализирован
2025-11-20 18:04:14,646 - core_service.services.travel_service - DEBUG [travel_service.py:21] - TravelService инициализирован
2025-11-20 18:04:14,646 - core_service.services.user_service - DEBUG [user_service.py:31] - UserService инициализирован
2025-11-20 18:04:14,646 - core_service.services.user_service - DEBUG [user_service.py:71] - AuthService инициализирован
2025-11-20 18:04:14,646 - gateway.controllers.api_v1.city_controller - DEBUG [city_controller.py:19] - Инициализация CityController
2025-11-20 18:04:14,646 - gateway.controllers.api_v1.route_controller - DEBUG [route_controller.py:34] - Инициализация RouteController
2025-11-20 18:04:14,646 - gateway.controllers.api_v1.d_route_controller - DEBUG [d_route_controller.py:21] - Инициализация DirectoryRouteController
2025-11-20 18:04:14,646 - gateway.controllers.api_v1.accommodation_controller - DEBUG [accommodation_controller.py:23] - Инициализация AccommodationController
2025-11-20 18:04:14,646 - gateway.controllers.api_v1.entertainment_controller - DEBUG [entertainment_controller.py:24] - Инициализация EntertainmentController
2025-11-20 18:04:14,646 - gateway.controllers.api_v1.travel_controller - DEBUG [travel_controller.py:26] - Инициализация TravelController
2025-11-20 18:04:14,646 - gateway.controllers.api_v1.user_controller - DEBUG [user_controller.py:22] - Инициализация UserController
2025-11-20 18:04:28,974 - gateway.main - INFO [main.py:426] - Запуск Gateway приложения
2025-11-20 18:04:29,008 - data_service.repository.city_repository - DEBUG [city_repository.py:20] - Инициализация CityRepository
2025-11-20 18:04:29,008 - data_service.repository.directory_route_repository - DEBUG [directory_route_repository.py:22] - Инициализация DirectoryRouteRepository
2025-11-20 18:04:29,008 - data_service.repository.accommodation_repository - DEBUG [accommodation_repository.py:22] - Инициализация AccommodationRepository
2025-11-20 18:04:29,008 - data_service.repository.entertainment_repository - DEBUG [entertainment_repository.py:22] - Инициализация EntertainmentRepository
2025-11-20 18:04:29,008 - data_service.repository.user_repository - DEBUG [user_repository.py:20] - Инициализация UserRepository
2025-11-20 18:04:29,008 - data_service.repository.travel_repository - DEBUG [travel_repository.py:32] - Инициализация TravelRepository
2025-11-20 18:04:29,008 - data_service.repository.route_repository - DEBUG [route_repository.py:28] - Инициализация RouteRepository
2025-11-20 18:04:29,008 - core_service.services.accommodation_service - DEBUG [accommodation_service.py:16] - AccommodationService инициализирован
2025-11-20 18:04:29,008 - core_service.services.city_service - DEBUG [city_service.py:16] - CityService инициализирован
2025-11-20 18:04:29,008 - core_service.services.directory_route_service - DEBUG [directory_route_service.py:16] - DirectoryRouteService инициализирован
2025-11-20 18:04:29,008 - core_service.services.entertainment_service - DEBUG [entertainment_service.py:16] - EntertainmentService инициализирован
2025-11-20 18:04:29,008 - core_service.services.route_service - DEBUG [route_service.py:20] - RouteService инициализирован
2025-11-20 18:04:29,008 - core_service.services.travel_service - DEBUG [travel_service.py:21] - TravelService инициализирован
2025-11-20 18:04:29,008 - core_service.services.user_service - DEBUG [user_service.py:31] - UserService инициализирован
2025-11-20 18:04:29,008 - core_service.services.user_service - DEBUG [user_service.py:71] - AuthService инициализирован
2025-11-20 18:04:29,008 - gateway.controllers.api_v1.city_controller - DEBUG [city_controller.py:19] - Инициализация CityController
2025-11-20 18:04:29,008 - gateway.controllers.api_v1.route_controller - DEBUG [route_controller.py:34] - Инициализация RouteController
2025-11-20 18:04:29,008 - gateway.controllers.api_v1.d_route_controller - DEBUG [d_route_controller.py:21] - Инициализация DirectoryRouteController
2025-11-20 18:04:29,008 - gateway.controllers.api_v1.accommodation_controller - DEBUG [accommodation_controller.py:23] - Инициализация AccommodationController
2025-11-20 18:04:29,008 - gateway.controllers.api_v1.entertainment_controller - DEBUG [entertainment_controller.py:24] - Инициализация EntertainmentController
2025-11-20 18:04:29,008 - gateway.controllers.api_v1.travel_controller - DEBUG [travel_controller.py:26] - Инициализация TravelController
2025-11-20 18:04:29,008 - gateway.controllers.api_v1.user_controller - DEBUG [user_controller.py:22] - Инициализация UserController
2025-11-20 18:04:29,008 - data_service.repository.city_repository - DEBUG [city_repository.py:20] - Инициализация CityRepository
2025-11-20 18:04:29,008 - data_service.repository.directory_route_repository - DEBUG [directory_route_repository.py:22] - Инициализация DirectoryRouteRepository
2025-11-20 18:04:29,008 - data_service.repository.accommodation_repository - DEBUG [accommodation_repository.py:22] - Инициализация AccommodationRepository
2025-11-20 18:04:29,009 - data_service.repository.entertainment_repository - DEBUG [entertainment_repository.py:22] - Инициализация EntertainmentRepository
2025-11-20 18:04:29,009 - data_service.repository.user_repository - DEBUG [user_repository.py:20] - Инициализация UserRepository
2025-11-20 18:04:29,009 - data_service.repository.travel_repository - DEBUG [travel_repository.py:32] - Инициализация TravelRepository
2025-11-20 18:04:29,009 - data_service.repository.route_repository - DEBUG [route_repository.py:28] - Инициализация RouteRepository
2025-11-20 18:04:29,009 - core_service.services.accommodation_service - DEBUG [accommodation_service.py:16] - AccommodationService инициализирован
2025-11-20 18:04:29,009 - core_service.services.city_service - DEBUG [city_service.py:16] - CityService инициализирован
2025-11-20 18:04:29,009 - core_service.services.directory_route_service - DEBUG [directory_route_service.py:16] - DirectoryRouteService инициализирован
2025-11-20 18:04:29,009 - core_service.services.entertainment_service - DEBUG [entertainment_service.py:16] - EntertainmentService инициализирован
2025-11-20 18:04:29,009 - core_service.services.route_service - DEBUG [route_service.py:20] - RouteService инициализирован
2025-11-20 18:04:29,009 - core_service.services.travel_service - DEBUG [travel_service.py:21] - TravelService инициализирован
2025-11-20 18:04:29,009 - core_service.services.user_service - DEBUG [user_service.py:31] - UserService инициализирован
2025-11-20 18:04:29,009 - core_service.services.user_service - DEBUG [user_service.py:71] - AuthService инициализирован
2025-11-20 18:04:29,009 - gateway.controllers.api_v2.city_controller - DEBUG [city_controller.py:18] - CityController initialized
2025-11-20 18:04:29,009 - gateway.controllers.api_v2.route_controller - DEBUG [route_controller.py:31] - RouteController initialized
2025-11-20 18:04:29,009 - gateway.controllers.api_v2.d_route_controller - DEBUG [d_route_controller.py:24] - Инициализация DirectoryRouteController
2025-11-20 18:04:29,009 - gateway.controllers.api_v2.accommodation_controller - DEBUG [accommodation_controller.py:22] - Инициализация AccommodationController
2025-11-20 18:04:29,009 - gateway.controllers.api_v2.entertainment_controller - DEBUG [entertainment_controller.py:22] - EntertainmentController инициализирован
2025-11-20 18:04:29,009 - gateway.controllers.api_v2.travel_controller - DEBUG [travel_controller.py:35] - TravelController initialized
2025-11-20 18:04:29,009 - gateway.controllers.api_v2.user_controller - DEBUG [user_controller.py:27] - Инициализация UserControllerV2
2025-11-20 18:04:32,776 - gateway.main - INFO [main.py:434] - Завершение работы приложения
